// Jest Snapshot v1, https://goo.gl/fbAQLP

exports[`context default values from context 1`] = `
Object {
  "_id": 0,
  "browserString": "puppeteer",
  "build": undefined,
  "buildTimeout": 60000,
  "config": Object {},
  "configFile": "nuxt.config.js",
  "fixture": "fixture",
  "server": undefined,
  "testDir": "foo",
}
`;
