// Jest Snapshot v1, https://goo.gl/fbAQLP

exports[`context default values from context 1`] = `
Object {
  "options": Object {
    "browserOptions": Object {
      "type": "chromium",
    },
    "build": true,
    "configFile": "nuxt.config",
    "randomBuildDir": true,
    "randomPort": true,
    "rootDir": ".",
    "server": undefined,
    "setupTimeout": 60000,
  },
}
`;
